--------------------------------------------------------------------------------
Release 14.7 Trace  (nt64)
Copyright (c) 1995-2013 Xilinx, Inc.  All rights reserved.

C:\Xilinx\14.7\ISE_DS\ISE\bin\nt64\unwrapped\trce.exe -intstyle ise -v 3 -s 4
-n 3 -fastpaths -xml CPU_TOP.twx CPU_TOP.ncd -o CPU_TOP.twr CPU_TOP.pcf -ucf
CPU_TOP.ucf

Design file:              CPU_TOP.ncd
Physical constraint file: CPU_TOP.pcf
Device,package,speed:     xc3s1200e,fg320,-4 (PRODUCTION 1.27 2013-10-13)
Report level:             verbose report

Environment Variable      Effect 
--------------------      ------ 
NONE                      No environment variables were set
--------------------------------------------------------------------------------

INFO:Timing:2698 - No timing constraints found, doing default enumeration.
INFO:Timing:3412 - To improve timing, see the Timing Closure User Guide (UG612).
INFO:Timing:2752 - To get complete path coverage, use the unconstrained paths 
   option. All paths that are not constrained will be reported in the 
   unconstrained paths section(s) of the report.
INFO:Timing:3339 - The clock-to-out numbers in this timing report are based on 
   a 50 Ohm transmission line loading model.  For the details of this model, 
   and for more information on accounting for different loading conditions, 
   please see the device datasheet.
INFO:Timing:3390 - This architecture does not support a default System Jitter 
   value, please add SYSTEM_JITTER constraint to the UCF to modify the Clock 
   Uncertainty calculation.
INFO:Timing:3389 - This architecture does not support 'Discrete Jitter' and 
   'Phase Error' calculations, these terms will be zero in the Clock 
   Uncertainty calculation.  Please make appropriate modification to 
   SYSTEM_JITTER to account for the unsupported Discrete Jitter and Phase 
   Error.



Data Sheet report:
-----------------
All values displayed in nanoseconds (ns)

Clock Clk_in to Pad
------------+------------+------------------+--------+
            | clk (edge) |                  | Clock  |
Destination |   to PAD   |Internal Clock(s) | Phase  |
------------+------------+------------------+--------+
COM_rdn     |   15.883(R)|Clk_base          |   0.000|
COM_wrn     |   17.773(R)|Clk_base          |   0.000|
LED<13>     |   10.589(R)|Clk_base          |   0.000|
LED<15>     |    9.886(R)|Clk_base          |   0.000|
RAM1_we     |   16.662(R)|Clk_base          |   0.000|
RAM2_we     |   13.524(R)|Clk_base          |   0.000|
------------+------------+------------------+--------+

Clock Rst to Pad
-------------+------------+---------------------------------------------+--------+
             | clk (edge) |                                             | Clock  |
Destination  |   to PAD   |Internal Clock(s)                            | Phase  |
-------------+------------+---------------------------------------------+--------+
COM_rdn      |   25.711(R)|Clk_base                                     |   0.000|
COM_wrn      |   27.601(R)|Clk_base                                     |   0.000|
LED<13>      |   20.417(R)|Clk_base                                     |   0.000|
LED<15>      |   19.714(R)|Clk_base                                     |   0.000|
RAM1_data<0> |   14.506(F)|Stage_mem_c/Memory_c/Mtrien_RAM1_data_not0001|   0.000|
RAM1_data<1> |   14.506(F)|Stage_mem_c/Memory_c/Mtrien_RAM1_data_not0001|   0.000|
RAM1_data<2> |   14.499(F)|Stage_mem_c/Memory_c/Mtrien_RAM1_data_not0001|   0.000|
RAM1_data<3> |   14.499(F)|Stage_mem_c/Memory_c/Mtrien_RAM1_data_not0001|   0.000|
RAM1_data<4> |   14.485(F)|Stage_mem_c/Memory_c/Mtrien_RAM1_data_not0001|   0.000|
RAM1_data<5> |   14.485(F)|Stage_mem_c/Memory_c/Mtrien_RAM1_data_not0001|   0.000|
RAM1_data<6> |   14.120(F)|Stage_mem_c/Memory_c/Mtrien_RAM1_data_not0001|   0.000|
RAM1_data<7> |   14.120(F)|Stage_mem_c/Memory_c/Mtrien_RAM1_data_not0001|   0.000|
RAM1_data<8> |   14.128(F)|Stage_mem_c/Memory_c/Mtrien_RAM1_data_not0001|   0.000|
RAM1_data<9> |   14.128(F)|Stage_mem_c/Memory_c/Mtrien_RAM1_data_not0001|   0.000|
RAM1_data<10>|   14.102(F)|Stage_mem_c/Memory_c/Mtrien_RAM1_data_not0001|   0.000|
RAM1_data<11>|   14.102(F)|Stage_mem_c/Memory_c/Mtrien_RAM1_data_not0001|   0.000|
RAM1_data<12>|   14.106(F)|Stage_mem_c/Memory_c/Mtrien_RAM1_data_not0001|   0.000|
RAM1_data<13>|   14.106(F)|Stage_mem_c/Memory_c/Mtrien_RAM1_data_not0001|   0.000|
RAM1_data<14>|   14.259(F)|Stage_mem_c/Memory_c/Mtrien_RAM1_data_not0001|   0.000|
RAM1_data<15>|   14.259(F)|Stage_mem_c/Memory_c/Mtrien_RAM1_data_not0001|   0.000|
RAM1_we      |   26.490(R)|Clk_base                                     |   0.000|
RAM2_addr<0> |    9.831(F)|Rst_IBUF                                     |   0.000|
RAM2_addr<1> |    9.610(F)|Rst_IBUF                                     |   0.000|
RAM2_addr<2> |    9.205(F)|Rst_IBUF                                     |   0.000|
RAM2_addr<3> |   10.359(F)|Rst_IBUF                                     |   0.000|
RAM2_addr<4> |    9.165(F)|Rst_IBUF                                     |   0.000|
RAM2_addr<5> |    9.631(F)|Rst_IBUF                                     |   0.000|
RAM2_addr<6> |    9.263(F)|Rst_IBUF                                     |   0.000|
RAM2_addr<7> |    9.156(F)|Rst_IBUF                                     |   0.000|
RAM2_addr<8> |    9.611(F)|Rst_IBUF                                     |   0.000|
RAM2_addr<9> |    9.399(F)|Rst_IBUF                                     |   0.000|
RAM2_addr<10>|    9.247(F)|Rst_IBUF                                     |   0.000|
RAM2_addr<11>|    9.725(F)|Rst_IBUF                                     |   0.000|
RAM2_addr<12>|    9.969(F)|Rst_IBUF                                     |   0.000|
RAM2_addr<13>|    9.372(F)|Rst_IBUF                                     |   0.000|
RAM2_addr<14>|   11.234(F)|Rst_IBUF                                     |   0.000|
RAM2_we      |   23.352(R)|Clk_base                                     |   0.000|
-------------+------------+---------------------------------------------+--------+

Clock to Setup on destination clock Clk_in
---------------+---------+---------+---------+---------+
               | Src:Rise| Src:Fall| Src:Rise| Src:Fall|
Source Clock   |Dest:Rise|Dest:Rise|Dest:Fall|Dest:Fall|
---------------+---------+---------+---------+---------+
Clk_in         |    1.526|         |         |         |
Rst            |    1.526|         |         |         |
---------------+---------+---------+---------+---------+

Clock to Setup on destination clock Rst
---------------+---------+---------+---------+---------+
               | Src:Rise| Src:Fall| Src:Rise| Src:Fall|
Source Clock   |Dest:Rise|Dest:Rise|Dest:Fall|Dest:Fall|
---------------+---------+---------+---------+---------+
Clk_in         |    1.526|         |   10.763|         |
Rst            |    1.526|         |   10.763|    2.649|
---------------+---------+---------+---------+---------+

Pad to Pad
---------------+---------------+---------+
Source Pad     |Destination Pad|  Delay  |
---------------+---------------+---------+
Clk_in         |LED<14>        |    8.516|
Rst            |COM_rdn        |   16.015|
Rst            |COM_wrn        |   15.625|
Rst            |LED<14>        |   18.344|
Rst            |RAM1_addr<0>   |   15.902|
Rst            |RAM1_addr<1>   |   16.284|
Rst            |RAM1_addr<2>   |   16.319|
Rst            |RAM1_addr<3>   |   16.144|
Rst            |RAM1_addr<4>   |   16.063|
Rst            |RAM1_addr<5>   |   15.887|
Rst            |RAM1_addr<6>   |   13.968|
Rst            |RAM1_addr<7>   |   14.454|
Rst            |RAM1_addr<8>   |   15.204|
Rst            |RAM1_addr<9>   |   14.735|
Rst            |RAM1_addr<10>  |   15.439|
Rst            |RAM1_addr<11>  |   15.439|
Rst            |RAM1_addr<12>  |   15.362|
Rst            |RAM1_addr<13>  |   15.022|
Rst            |RAM1_addr<14>  |   13.275|
Rst            |RAM1_addr<15>  |   13.270|
Rst            |RAM1_en        |   10.805|
Rst            |RAM1_oe        |   11.308|
Rst            |RAM1_we        |   11.511|
---------------+---------------+---------+


Analysis completed Mon Dec 08 08:54:47 2014 
--------------------------------------------------------------------------------

Trace Settings:
-------------------------
Trace Settings 

Peak Memory Usage: 199 MB



